------------------------------------------------------------
TimeQuest Timing Analyzer Summary
------------------------------------------------------------

Type  : Slow Model Setup 'clk'
Slack : -25.922
TNS   : -5394.547

Type  : Slow Model Setup 'gravity_sensor_out:inst17|sclk'
Slack : -12.097
TNS   : -483.967

Type  : Slow Model Setup 'clk_div:inst18|clk_out'
Slack : -0.228
TNS   : -0.503

Type  : Slow Model Hold 'clk'
Slack : -2.600
TNS   : -79.590

Type  : Slow Model Hold 'gravity_sensor_out:inst17|sclk'
Slack : 0.499
TNS   : 0.000

Type  : Slow Model Hold 'clk_div:inst18|clk_out'
Slack : 0.763
TNS   : 0.000

Type  : Slow Model Minimum Pulse Width 'clk'
Slack : -2.277
TNS   : -1484.453

Type  : Slow Model Minimum Pulse Width 'gravity_sensor_out:inst17|sclk'
Slack : -0.742
TNS   : -63.812

Type  : Slow Model Minimum Pulse Width 'clk_div:inst18|clk_out'
Slack : -0.742
TNS   : -5.936

Type  : Fast Model Setup 'clk'
Slack : -6.100
TNS   : -1267.425

Type  : Fast Model Setup 'gravity_sensor_out:inst17|sclk'
Slack : -3.299
TNS   : -130.885

Type  : Fast Model Setup 'clk_div:inst18|clk_out'
Slack : 0.524
TNS   : 0.000

Type  : Fast Model Hold 'clk'
Slack : -1.405
TNS   : -122.541

Type  : Fast Model Hold 'gravity_sensor_out:inst17|sclk'
Slack : 0.215
TNS   : 0.000

Type  : Fast Model Hold 'clk_div:inst18|clk_out'
Slack : 0.268
TNS   : 0.000

Type  : Fast Model Minimum Pulse Width 'clk'
Slack : -1.423
TNS   : -964.740

Type  : Fast Model Minimum Pulse Width 'gravity_sensor_out:inst17|sclk'
Slack : -0.500
TNS   : -43.000

Type  : Fast Model Minimum Pulse Width 'clk_div:inst18|clk_out'
Slack : -0.500
TNS   : -4.000

------------------------------------------------------------
